I'm sorry, but errors were detected in your script. Please correct the
errors listed below, and try again.


File "game/script.rpy", line 2042: Line is followed by a block, despite not being a menu choice. Did you forget a colon at the end of the line?
    "Nobody"
            ^

Ren'Py Version: Ren'Py 8.1.0.23051307
Wed May 31 12:13:30 2023
